[backblue.gif]
[fade.gif]
[index.html]
[themejunction.net/html/gerold/demo/assets/img/favicon.png]
[themejunction.net/html/gerold/demo/assets/img/logo/logo.png]
[themejunction.net/html/gerold/demo/assets/img/hero/me.png]
[themejunction.net/html/gerold/demo/assets/img/services/modal-img.jpg]
[themejunction.net/html/gerold/demo/assets/img/portfolio/2.jpg]
[themejunction.net/html/gerold/demo/assets/img/portfolio/1.jpg]
[themejunction.net/html/gerold/demo/assets/img/portfolio/3.jpg]
[themejunction.net/html/gerold/demo/assets/img/portfolio/4.jpg]
[themejunction.net/html/gerold/demo/assets/img/portfolio/modal-img.jpg]
[themejunction.net/html/gerold/demo/assets/img/portfolio-gallery/p-gallery-1.jpg]
[themejunction.net/html/gerold/demo/assets/img/portfolio-gallery/p-gallery-2.jpg]
[themejunction.net/html/gerold/demo/assets/img/portfolio-gallery/p-gallery-3.jpg]
[themejunction.net/html/gerold/demo/assets/img/portfolio-gallery/p-gallery-4.jpg]
[themejunction.net/html/gerold/demo/assets/img/testimonials/logo/1.png]
[themejunction.net/html/gerold/demo/assets/img/testimonials/user/1.jpg]
[themejunction.net/html/gerold/demo/assets/img/testimonials/logo/2.png]
[themejunction.net/html/gerold/demo/assets/img/testimonials/user/2.jpg]
[themejunction.net/html/gerold/demo/assets/img/blog/1.jpg]
[themejunction.net/html/gerold/demo/assets/img/blog/2.jpg]
[themejunction.net/html/gerold/demo/assets/img/blog/3.jpg]
[themejunction.net/html/gerold/demo/index.html]
[themejunction.net/html/gerold/demo/assets/css/animate.min.css]
[themejunction.net/html/gerold/demo/assets/css/bootstrap.min.css]
[themejunction.net/html/gerold/demo/assets/fonts/fa-sharp-light-300.woff2]
[themejunction.net/html/gerold/demo/assets/fonts/fa-sharp-light-300.ttf]
[themejunction.net/html/gerold/demo/assets/fonts/fa-sharp-regular-400.woff2]
[themejunction.net/html/gerold/demo/assets/fonts/fa-sharp-regular-400.ttf]
[themejunction.net/html/gerold/demo/assets/fonts/fa-sharp-solid-900.woff2]
[themejunction.net/html/gerold/demo/assets/fonts/fa-sharp-solid-900.ttf]
[themejunction.net/html/gerold/demo/assets/fonts/fa-brands-400.woff2]
[themejunction.net/html/gerold/demo/assets/fonts/fa-brands-400.ttf]
[themejunction.net/html/gerold/demo/assets/fonts/fa-duotone-900.woff2]
[themejunction.net/html/gerold/demo/assets/fonts/fa-duotone-900.ttf]
[themejunction.net/html/gerold/demo/assets/fonts/fa-light-300.woff2]
[themejunction.net/html/gerold/demo/assets/fonts/fa-light-300.ttf]
[themejunction.net/html/gerold/demo/assets/fonts/fa-regular-400.woff2]
[themejunction.net/html/gerold/demo/assets/fonts/fa-regular-400.ttf]
[themejunction.net/html/gerold/demo/assets/fonts/fa-solid-900.woff2]
[themejunction.net/html/gerold/demo/assets/fonts/fa-solid-900.ttf]
[themejunction.net/html/gerold/demo/assets/fonts/fa-thin-100.woff2]
[themejunction.net/html/gerold/demo/assets/fonts/fa-thin-100.ttf]
[themejunction.net/html/gerold/demo/assets/fonts/fa-v4compatibility.woff2]
[themejunction.net/html/gerold/demo/assets/fonts/fa-v4compatibility.ttf]
[themejunction.net/html/gerold/demo/assets/css/font-awesome-pro.min.css]
[themejunction.net/html/gerold/demo/assets/fonts/flaticon_geroldd88e.woff2]
[themejunction.net/html/gerold/demo/assets/fonts/flaticon_geroldd88e.woff]
[themejunction.net/html/gerold/demo/assets/fonts/flaticon_geroldd88e.eot]
[themejunction.net/html/gerold/demo/assets/fonts/flaticon_geroldd88e.ttf]
[themejunction.net/html/gerold/demo/assets/css/flaticon_gerold.css]
[themejunction.net/html/gerold/demo/assets/css/nice-select.css]
[themejunction.net/html/gerold/demo/assets/css/backToTop.css]
[themejunction.net/html/gerold/demo/assets/css/owl.carousel.min.css]
[themejunction.net/html/gerold/demo/assets/css/swiper.min.css]
[themejunction.net/html/gerold/demo/assets/css/odometer-theme-default.css]
[themejunction.net/html/gerold/demo/assets/css/magnific-popup.css]
[themejunction.net/html/gerold/demo/assets/css/main.css]
[themejunction.net/html/gerold/demo/assets/css/light-mode.css]
[themejunction.net/html/gerold/demo/assets/css/meanmenu.css]
[themejunction.net/html/gerold/demo/assets/css/responsive.css]
[themejunction.net/html/gerold/demo/index-2.html]
[themejunction.net/html/gerold/demo/assets/img/hero/hero-2.png]
[themejunction.net/html/gerold/demo/assets/img/hero/about-1.png]
[themejunction.net/html/gerold/demo/assets/img/project/project-1.png]
[themejunction.net/html/gerold/demo/assets/img/project/project-2.png]
[themejunction.net/html/gerold/demo/assets/img/project/project-3.png]
[themejunction.net/html/gerold/demo/assets/img/project/project-4.png]
[themejunction.net/html/gerold/demo/assets/img/testimonials/user/1.png]
[themejunction.net/html/gerold/demo/assets/img/brand/brand-1.png]
[themejunction.net/html/gerold/demo/assets/img/brand/brand-2.png]
[themejunction.net/html/gerold/demo/assets/img/brand/brand-3.png]
[themejunction.net/html/gerold/demo/assets/img/brand/brand-4.png]
[themejunction.net/html/gerold/demo/assets/img/brand/brand-5.png]
[themejunction.net/html/gerold/demo/assets/img/brand/brand-6.png]
[themejunction.net/html/gerold/demo/index-3.html]
[themejunction.net/html/gerold/demo/assets/img/project/project-5.png]
[themejunction.net/html/gerold/demo/index-4.html]
[themejunction.net/html/gerold/demo/assets/img/logo/logo-dark.png]
[themejunction.net/html/gerold/demo/assets/img/testimonials/logo/1-dark.png]
[themejunction.net/html/gerold/demo/assets/img/testimonials/logo/2-dark.png]
[themejunction.net/html/gerold/demo/index-light.html]
[themejunction.net/html/gerold/demo/assets/img/brand/brand-l-1.png]
[themejunction.net/html/gerold/demo/assets/img/brand/brand-l-2.png]
[themejunction.net/html/gerold/demo/assets/img/brand/brand-l-3.png]
[themejunction.net/html/gerold/demo/assets/img/brand/brand-l-4.png]
[themejunction.net/html/gerold/demo/assets/img/brand/brand-l-5.png]
[themejunction.net/html/gerold/demo/assets/img/brand/brand-l-6.png]
[themejunction.net/html/gerold/demo/index-2-light.html]
[themejunction.net/html/gerold/demo/index-3-light.html]
[themejunction.net/html/gerold/demo/assets/img/breadcrumb/breadcrumb-bg.jpg]
[themejunction.net/html/gerold/demo/about.html]
[themejunction.net/html/gerold/demo/services.html]
[themejunction.net/html/gerold/demo/portfolio.html]
[themejunction.net/html/gerold/demo/assets/img/blog/blog-4.jpg]
[themejunction.net/html/gerold/demo/assets/img/blog/blog-3.jpg]
[themejunction.net/html/gerold/demo/assets/img/blog/blog-2.jpg]
[themejunction.net/html/gerold/demo/assets/img/blog/blog-1.jpg]
[themejunction.net/html/gerold/demo/assets/img/blog/post-thumb-1.jpg]
[themejunction.net/html/gerold/demo/assets/img/blog/post-thumb-2.jpg]
[themejunction.net/html/gerold/demo/assets/img/blog/post-thumb-3.jpg]
[themejunction.net/html/gerold/demo/blog.html]
[themejunction.net/html/gerold/demo/assets/img/blog/user-1.jpg]
[themejunction.net/html/gerold/demo/assets/img/blog/user-2.jpg]
[themejunction.net/html/gerold/demo/assets/img/blog/user-3.jpg]
[themejunction.net/html/gerold/demo/assets/img/blog/user-4.jpg]
[themejunction.net/html/gerold/demo/blog-details.html]
[themejunction.net/html/gerold/demo/contact.html]
[themejunction.net/html/gerold/demo/assets/img/icons/figma.svg]
[themejunction.net/html/gerold/demo/assets/img/icons/sketch.svg]
[themejunction.net/html/gerold/demo/assets/img/icons/xd.svg]
[themejunction.net/html/gerold/demo/assets/img/icons/wp.svg]
[themejunction.net/html/gerold/demo/assets/img/icons/react.svg]
[themejunction.net/html/gerold/demo/assets/img/icons/js.svg]
[themejunction.net/html/gerold/demo/assets/js/jquery.min.js]
[themejunction.net/html/gerold/demo/assets/js/bootstrap.bundle.min.js]
[themejunction.net/html/gerold/demo/assets/js/nice-select.min.js]
[themejunction.net/html/gerold/demo/assets/js/backToTop.js]
[themejunction.net/html/gerold/demo/assets/js/appear.min.js]
[themejunction.net/html/gerold/demo/assets/js/wow.min.js]
[themejunction.net/html/gerold/demo/assets/js/gsap.min.js]
[themejunction.net/html/gerold/demo/assets/js/ScrollTrigger.min.js]
[themejunction.net/html/gerold/demo/assets/js/lenis.min.js]
[themejunction.net/html/gerold/demo/assets/js/lightcase.js]
[themejunction.net/html/gerold/demo/assets/js/owl.carousel.min.js]
[themejunction.net/html/gerold/demo/assets/js/swiper.min.js]
[themejunction.net/html/gerold/demo/assets/js/imagesloaded-pkgd.js]
[themejunction.net/html/gerold/demo/assets/js/isotope.pkgd.min.js]
[themejunction.net/html/gerold/demo/assets/js/odometer.min.js]
[themejunction.net/html/gerold/demo/assets/js/magnific-popup.js]
[themejunction.net/html/gerold/demo/assets/js/validate.min.js]
[themejunction.net/html/gerold/demo/assets/js/meanmenu.js]
[themejunction.net/html/gerold/demo/assets/js/main.js]
[themejunction.net/html/gerold/demo/assets/fonts/flaticon_geroldd88e.svg]
[themejunction.net/html/gerold/demo/assets/css/owl.video.play.html]
[themejunction.net/html/gerold/demo/assets/img/icons/down-arrow.svg]
[themejunction.net/html/gerold/demo/assets/img/icons/down-arrow-light.svg]
[themejunction.net/html/gerold/demo/assets/css/main-2.css]
[themejunction.net/html/gerold/demo/assets/css/responsive-2.css]
[themejunction.net/html/gerold/demo/assets/css/main-3.css]
[themejunction.net/html/gerold/demo/assets/css/responsive-3.css]
[themejunction.net/html/gerold/demo/assets/img/icons/star.svg]
[themejunction.net/html/gerold/demo/about-light.html]
[themejunction.net/html/gerold/demo/services-light.html]
[themejunction.net/html/gerold/demo/portfolio-light.html]
[themejunction.net/html/gerold/demo/blog-light.html]
[themejunction.net/html/gerold/demo/blog-details-light.html]
[themejunction.net/html/gerold/demo/contact-light.html]
[themejunction.net/html/gerold/demo/${l}.html]
[themejunction.net/html/gerold/demo/e.html]
[themejunction.net/html/gerold/demo/t.params.html]
